// Jest Snapshot v1, https://goo.gl/fbAQLP

exports[`FirstInteractive computed artifact: should simulate when settings specify 1`] = `
Object {
  "optimistic": 1072,
  "pessimistic": 1072,
  "timing": 1211,
}
`;
