// Jest Snapshot v1, https://goo.gl/fbAQLP

exports[`Metrics: FCP should compute a simulated value 1`] = `
Object {
  "optimistic": 1005,
  "pessimistic": 1005,
  "timing": 1005,
}
`;
