// Jest Snapshot v1, https://goo.gl/fbAQLP

exports[`Metrics: Lantern FMP should compute predicted value 1`] = `
Object {
  "optimistic": 1211,
  "pessimistic": 1211,
  "timing": 1211,
}
`;
