// Jest Snapshot v1, https://goo.gl/fbAQLP

exports[`Metrics: Lantern TTFCPUI should compute predicted value 1`] = `
Object {
  "optimistic": 1072,
  "pessimistic": 1072,
  "timing": 1211,
}
`;
