// Jest Snapshot v1, https://goo.gl/fbAQLP

exports[`Metrics: Max Potential FID should compute a simulated value 1`] = `
Object {
  "optimistic": 67,
  "pessimistic": 67,
  "timing": 67,
}
`;
