// Jest Snapshot v1, https://goo.gl/fbAQLP

exports[`Metrics: Speed Index should compute a simulated value 1`] = `
Object {
  "optimistic": 539,
  "pessimistic": 1034,
  "timing": 1177,
}
`;
